2024-06-04T02:53:38.7315758Z Current runner version: '2.316.1'
2024-06-04T02:53:38.7342660Z ##[group]Operating System
2024-06-04T02:53:38.7343316Z Ubuntu
2024-06-04T02:53:38.7343625Z 22.04.4
2024-06-04T02:53:38.7344077Z LTS
2024-06-04T02:53:38.7344434Z ##[endgroup]
2024-06-04T02:53:38.7344778Z ##[group]Runner Image
2024-06-04T02:53:38.7345311Z Image: ubuntu-22.04
2024-06-04T02:53:38.7345715Z Version: 20240526.1.0
2024-06-04T02:53:38.7346750Z Included Software: https://github.com/actions/runner-images/blob/ubuntu22/20240526.1/images/ubuntu/Ubuntu2204-Readme.md
2024-06-04T02:53:38.7348307Z Image Release: https://github.com/actions/runner-images/releases/tag/ubuntu22%2F20240526.1
2024-06-04T02:53:38.7349183Z ##[endgroup]
2024-06-04T02:53:38.7349558Z ##[group]Runner Image Provisioner
2024-06-04T02:53:38.7350124Z 2.0.370.1
2024-06-04T02:53:38.7350469Z ##[endgroup]
2024-06-04T02:53:38.7351414Z ##[group]GITHUB_TOKEN Permissions
2024-06-04T02:53:38.7353053Z Contents: read
2024-06-04T02:53:38.7353462Z Metadata: read
2024-06-04T02:53:38.7354149Z ##[endgroup]
2024-06-04T02:53:38.7357346Z Secret source: Actions
2024-06-04T02:53:38.7358059Z Prepare workflow directory
2024-06-04T02:53:38.8000932Z Prepare all required actions
2024-06-04T02:53:38.8159108Z Getting action download info
2024-06-04T02:53:38.9901592Z Download action repository 'actions/checkout@v4' (SHA:a5ac7e51b41094c92402da3b24376905380afc29)
2024-06-04T02:53:39.5985983Z Download action repository 'actions/setup-python@v5' (SHA:82c7e631bb3cdc910f68e0081d67478d79c6982d)
2024-06-04T02:53:39.9499194Z Complete job name: build
2024-06-04T02:53:40.0444549Z ##[group]Run actions/checkout@v4
2024-06-04T02:53:40.0445194Z with:
2024-06-04T02:53:40.0445588Z   repository: tranbrandon773/test
2024-06-04T02:53:40.0446467Z   token: ***
2024-06-04T02:53:40.0446896Z   ssh-strict: true
2024-06-04T02:53:40.0447259Z   ssh-user: git
2024-06-04T02:53:40.0447749Z   persist-credentials: true
2024-06-04T02:53:40.0448238Z   clean: true
2024-06-04T02:53:40.0448607Z   sparse-checkout-cone-mode: true
2024-06-04T02:53:40.0449213Z   fetch-depth: 1
2024-06-04T02:53:40.0449614Z   fetch-tags: false
2024-06-04T02:53:40.0449979Z   show-progress: true
2024-06-04T02:53:40.0450446Z   lfs: false
2024-06-04T02:53:40.0450823Z   submodules: false
2024-06-04T02:53:40.0451211Z   set-safe-directory: true
2024-06-04T02:53:40.0451744Z ##[endgroup]
2024-06-04T02:53:40.3497941Z Syncing repository: tranbrandon773/test
2024-06-04T02:53:40.3500853Z ##[group]Getting Git version info
2024-06-04T02:53:40.3502026Z Working directory is '/home/runner/work/test/test'
2024-06-04T02:53:40.3503825Z [command]/usr/bin/git version
2024-06-04T02:53:40.3621358Z git version 2.45.1
2024-06-04T02:53:40.3647113Z ##[endgroup]
2024-06-04T02:53:40.3694157Z Temporarily overriding HOME='/home/runner/work/_temp/8e8de87a-01db-473e-94b9-273d2ba4addd' before making global git config changes
2024-06-04T02:53:40.3712992Z Adding repository directory to the temporary git global config as a safe directory
2024-06-04T02:53:40.3715223Z [command]/usr/bin/git config --global --add safe.directory /home/runner/work/test/test
2024-06-04T02:53:40.3760990Z Deleting the contents of '/home/runner/work/test/test'
2024-06-04T02:53:40.3781952Z ##[group]Initializing the repository
2024-06-04T02:53:40.3783340Z [command]/usr/bin/git init /home/runner/work/test/test
2024-06-04T02:53:40.3876064Z hint: Using 'master' as the name for the initial branch. This default branch name
2024-06-04T02:53:40.3881566Z hint: is subject to change. To configure the initial branch name to use in all
2024-06-04T02:53:40.3886300Z hint: of your new repositories, which will suppress this warning, call:
2024-06-04T02:53:40.3890250Z hint:
2024-06-04T02:53:40.3893983Z hint: 	git config --global init.defaultBranch <name>
2024-06-04T02:53:40.3897765Z hint:
2024-06-04T02:53:40.3902603Z hint: Names commonly chosen instead of 'master' are 'main', 'trunk' and
2024-06-04T02:53:40.3904786Z hint: 'development'. The just-created branch can be renamed via this command:
2024-06-04T02:53:40.3906580Z hint:
2024-06-04T02:53:40.3907590Z hint: 	git branch -m <name>
2024-06-04T02:53:40.3910420Z Initialized empty Git repository in /home/runner/work/test/test/.git/
2024-06-04T02:53:40.3931659Z [command]/usr/bin/git remote add origin https://github.com/tranbrandon773/test
2024-06-04T02:53:40.3992976Z ##[endgroup]
2024-06-04T02:53:40.3994508Z ##[group]Disabling automatic garbage collection
2024-06-04T02:53:40.3996318Z [command]/usr/bin/git config --local gc.auto 0
2024-06-04T02:53:40.4052758Z ##[endgroup]
2024-06-04T02:53:40.4054282Z ##[group]Setting up auth
2024-06-04T02:53:40.4056213Z [command]/usr/bin/git config --local --name-only --get-regexp core\.sshCommand
2024-06-04T02:53:40.4107781Z [command]/usr/bin/git submodule foreach --recursive sh -c "git config --local --name-only --get-regexp 'core\.sshCommand' && git config --local --unset-all 'core.sshCommand' || :"
2024-06-04T02:53:40.4525031Z [command]/usr/bin/git config --local --name-only --get-regexp http\.https\:\/\/github\.com\/\.extraheader
2024-06-04T02:53:40.4575891Z [command]/usr/bin/git submodule foreach --recursive sh -c "git config --local --name-only --get-regexp 'http\.https\:\/\/github\.com\/\.extraheader' && git config --local --unset-all 'http.https://github.com/.extraheader' || :"
2024-06-04T02:53:40.4907235Z [command]/usr/bin/git config --local http.https://github.com/.extraheader AUTHORIZATION: basic ***
2024-06-04T02:53:40.4941616Z ##[endgroup]
2024-06-04T02:53:40.4943617Z ##[group]Fetching the repository
2024-06-04T02:53:40.4949274Z [command]/usr/bin/git -c protocol.version=2 fetch --no-tags --prune --no-recurse-submodules --depth=1 origin +6cf8c889611cf6e91a75af0e8c3ec18e9d4fa2c6:refs/remotes/pull/35/merge
2024-06-04T02:53:40.8368265Z From https://github.com/tranbrandon773/test
2024-06-04T02:53:40.8465449Z  * [new ref]         6cf8c889611cf6e91a75af0e8c3ec18e9d4fa2c6 -> pull/35/merge
2024-06-04T02:53:40.8582573Z ##[endgroup]
2024-06-04T02:53:40.8583668Z ##[group]Determining the checkout info
2024-06-04T02:53:40.8584952Z ##[endgroup]
2024-06-04T02:53:40.8585533Z [command]/usr/bin/git sparse-checkout disable
2024-06-04T02:53:40.8615558Z [command]/usr/bin/git config --local --unset-all extensions.worktreeConfig
2024-06-04T02:53:40.8662892Z ##[group]Checking out the ref
2024-06-04T02:53:40.8664625Z [command]/usr/bin/git checkout --progress --force refs/remotes/pull/35/merge
2024-06-04T02:53:40.8706957Z Note: switching to 'refs/remotes/pull/35/merge'.
2024-06-04T02:53:40.8707887Z 
2024-06-04T02:53:40.8709270Z You are in 'detached HEAD' state. You can look around, make experimental
2024-06-04T02:53:40.8711140Z changes and commit them, and you can discard any commits you make in this
2024-06-04T02:53:40.8713067Z state without impacting any branches by switching back to a branch.
2024-06-04T02:53:40.8714149Z 
2024-06-04T02:53:40.8715578Z If you want to create a new branch to retain commits you create, you may
2024-06-04T02:53:40.8717459Z do so (now or later) by using -c with the switch command. Example:
2024-06-04T02:53:40.8718742Z 
2024-06-04T02:53:40.8719322Z   git switch -c <new-branch-name>
2024-06-04T02:53:40.8720320Z 
2024-06-04T02:53:40.8720870Z Or undo this operation with:
2024-06-04T02:53:40.8721856Z 
2024-06-04T02:53:40.8722284Z   git switch -
2024-06-04T02:53:40.8723178Z 
2024-06-04T02:53:40.8723994Z Turn off this advice by setting config variable advice.detachedHead to false
2024-06-04T02:53:40.8725386Z 
2024-06-04T02:53:40.8729777Z HEAD is now at 6cf8c88 Merge 7fba6e85486844399654e54c0b2ea261a8f4dd27 into 8225c2deeb78b137b0943c7fdac49759c02cff55
2024-06-04T02:53:40.8764121Z ##[endgroup]
2024-06-04T02:53:40.8850222Z [command]/usr/bin/git log -1 --format='%H'
2024-06-04T02:53:40.8867862Z '6cf8c889611cf6e91a75af0e8c3ec18e9d4fa2c6'
2024-06-04T02:53:40.9490398Z ##[group]Run actions/setup-python@v5
2024-06-04T02:53:40.9491362Z with:
2024-06-04T02:53:40.9491901Z   python-version: 3.x
2024-06-04T02:53:40.9492773Z   check-latest: false
2024-06-04T02:53:40.9493754Z   token: ***
2024-06-04T02:53:40.9494399Z   update-environment: true
2024-06-04T02:53:40.9495369Z   allow-prereleases: false
2024-06-04T02:53:40.9496523Z ##[endgroup]
2024-06-04T02:53:41.1623354Z ##[group]Installed versions
2024-06-04T02:53:41.1633706Z Successfully set up CPython (3.12.3)
2024-06-04T02:53:41.1634915Z ##[endgroup]
2024-06-04T02:53:41.1857645Z ##[group]Run python -m pip install --upgrade pip
2024-06-04T02:53:41.1858569Z [36;1mpython -m pip install --upgrade pip[0m
2024-06-04T02:53:41.1859185Z [36;1m# pip install -r requirements.txt[0m
2024-06-04T02:53:41.1945231Z shell: /usr/bin/bash -e {0}
2024-06-04T02:53:41.1945714Z env:
2024-06-04T02:53:41.1946295Z   pythonLocation: /opt/hostedtoolcache/Python/3.12.3/x64
2024-06-04T02:53:41.1947962Z   PKG_CONFIG_PATH: /opt/hostedtoolcache/Python/3.12.3/x64/lib/pkgconfig
2024-06-04T02:53:41.1949237Z   Python_ROOT_DIR: /opt/hostedtoolcache/Python/3.12.3/x64
2024-06-04T02:53:41.1950454Z   Python2_ROOT_DIR: /opt/hostedtoolcache/Python/3.12.3/x64
2024-06-04T02:53:41.1951399Z   Python3_ROOT_DIR: /opt/hostedtoolcache/Python/3.12.3/x64
2024-06-04T02:53:41.1952144Z   LD_LIBRARY_PATH: /opt/hostedtoolcache/Python/3.12.3/x64/lib
2024-06-04T02:53:41.1952867Z ##[endgroup]
2024-06-04T02:53:45.8853491Z Requirement already satisfied: pip in /opt/hostedtoolcache/Python/3.12.3/x64/lib/python3.12/site-packages (24.0)
2024-06-04T02:53:46.7871704Z ##[group]Run pip install ruff
2024-06-04T02:53:46.7872273Z [36;1mpip install ruff[0m
2024-06-04T02:53:46.7872702Z [36;1mruff --output-format=github .[0m
2024-06-04T02:53:46.7935987Z shell: /usr/bin/bash -e {0}
2024-06-04T02:53:46.7936522Z env:
2024-06-04T02:53:46.7936896Z   pythonLocation: /opt/hostedtoolcache/Python/3.12.3/x64
2024-06-04T02:53:46.7937579Z   PKG_CONFIG_PATH: /opt/hostedtoolcache/Python/3.12.3/x64/lib/pkgconfig
2024-06-04T02:53:46.7938292Z   Python_ROOT_DIR: /opt/hostedtoolcache/Python/3.12.3/x64
2024-06-04T02:53:46.7938832Z   Python2_ROOT_DIR: /opt/hostedtoolcache/Python/3.12.3/x64
2024-06-04T02:53:46.7939411Z   Python3_ROOT_DIR: /opt/hostedtoolcache/Python/3.12.3/x64
2024-06-04T02:53:46.7940290Z   LD_LIBRARY_PATH: /opt/hostedtoolcache/Python/3.12.3/x64/lib
2024-06-04T02:53:46.7940775Z ##[endgroup]
2024-06-04T02:53:48.2478459Z Collecting ruff
2024-06-04T02:53:48.3288853Z   Downloading ruff-0.4.7-py3-none-manylinux_2_17_x86_64.manylinux2014_x86_64.whl.metadata (24 kB)
2024-06-04T02:53:48.3548811Z Downloading ruff-0.4.7-py3-none-manylinux_2_17_x86_64.manylinux2014_x86_64.whl (8.8 MB)
2024-06-04T02:53:48.5266363Z    ━━━━━━━━━━━━━━━━━━━━━━━━━━━━━━━━━━━━━━━━ 8.8/8.8 MB 52.4 MB/s eta 0:00:00
2024-06-04T02:53:48.5446908Z Installing collected packages: ruff
2024-06-04T02:53:48.6872857Z Successfully installed ruff-0.4.7
2024-06-04T02:53:49.2847258Z warning: `ruff <path>` is deprecated. Use `ruff check <path>` instead.
2024-06-04T02:53:49.2921133Z ##[error]main.py:1:8: F401 `torch` imported but unused
2024-06-04T02:53:49.2930408Z ##[error]Process completed with exit code 1.
2024-06-04T02:53:49.3025008Z Post job cleanup.
2024-06-04T02:53:49.4028004Z [command]/usr/bin/git version
2024-06-04T02:53:49.4087810Z git version 2.45.1
2024-06-04T02:53:49.4143908Z Temporarily overriding HOME='/home/runner/work/_temp/b451acd9-161d-4b99-b12e-6ec61318175d' before making global git config changes
2024-06-04T02:53:49.4146459Z Adding repository directory to the temporary git global config as a safe directory
2024-06-04T02:53:49.4151037Z [command]/usr/bin/git config --global --add safe.directory /home/runner/work/test/test
2024-06-04T02:53:49.4201514Z [command]/usr/bin/git config --local --name-only --get-regexp core\.sshCommand
2024-06-04T02:53:49.4249676Z [command]/usr/bin/git submodule foreach --recursive sh -c "git config --local --name-only --get-regexp 'core\.sshCommand' && git config --local --unset-all 'core.sshCommand' || :"
2024-06-04T02:53:49.4615679Z [command]/usr/bin/git config --local --name-only --get-regexp http\.https\:\/\/github\.com\/\.extraheader
2024-06-04T02:53:49.4617850Z http.https://github.com/.extraheader
2024-06-04T02:53:49.4621771Z [command]/usr/bin/git config --local --unset-all http.https://github.com/.extraheader
2024-06-04T02:53:49.4659921Z [command]/usr/bin/git submodule foreach --recursive sh -c "git config --local --name-only --get-regexp 'http\.https\:\/\/github\.com\/\.extraheader' && git config --local --unset-all 'http.https://github.com/.extraheader' || :"
2024-06-04T02:53:49.5455655Z Cleaning up orphan processes
